// Jest Snapshot v1, https://goo.gl/fbAQLP

exports[`render correctly 1`] = `
<View
  style={
    Object {
      "alignItems": "center",
      "flex": 1,
      "justifyContent": "center",
    }
  }
>
  <TextInput
    allowFontScaling={true}
    keyboardType="numeric"
    selectTextOnFocus={true}
    style={
      Array [
        Object {
          "color": "#607D8B",
          "fontSize": 40,
          "paddingBottom": 0,
          "textAlign": "center",
        },
        undefined,
        false,
      ]
    }
    underlineColorAndroid="transparent"
  />
  <Text
    accessible={true}
    allowFontScaling={true}
    ellipsizeMode="tail"
    style={null}
  >
    ml
  </Text>
</View>
`;
