// Jest Snapshot v1, https://goo.gl/fbAQLP

exports[`render correctly receiving the \`size\` prop 1`] = `
<View
  style={
    Array [
      undefined,
      Object {
        "flex": 2,
        "flexDirection": "row",
      },
    ]
  }
/>
`;

exports[`render correctly without \`size\` prop 1`] = `
<View
  style={
    Array [
      undefined,
      Object {
        "flex": 2,
        "flexDirection": "row",
      },
    ]
  }
/>
`;
