// Jest Snapshot v1, https://goo.gl/fbAQLP

exports[`renders correctly 1`] = `
<View
  style={
    Object {
      "borderWidth": 0,
    }
  }
>
  <Text
    accessible={true}
    allowFontScaling={true}
    ellipsizeMode="tail"
    style={
      Object {
        "alignSelf": "center",
        "color": "#696969",
        "fontSize": 30,
        "paddingTop": 5,
      }
    }
  >
    Select isotope
  </Text>
  <View
    style={
      Object {
        "height": 1000,
        "position": "absolute",
        "top": 0,
        "width": 1000,
      }
    }
  >
    <RCTPicker
      items={
        Array [
          Object {
            "label": "Technetium 99m",
            "textColor": undefined,
            "value": "technetium-99m",
          },
          Object {
            "label": "Iodine 131",
            "textColor": undefined,
            "value": "iodine-131",
          },
        ]
      }
      onChange={[Function]}
      onResponderTerminationRequest={[Function]}
      onStartShouldSetResponder={[Function]}
      selectedIndex={0}
      style={
        Array [
          Object {
            "height": 216,
          },
          undefined,
        ]
      }
    />
  </View>
</View>
`;
